// Jest Snapshot v1, https://goo.gl/fbAQLP

exports[`renders the UI as expected 1`] = `
<div
  className="result"
>
  <h2>
    Luke Skywalker
  </h2>
  <p>
    Gender: 
    male
    <br />
    Born 
    19BBY
    <br />
    Homeworld: 
    Tattoine
  </p>
</div>
`;
